src/app/(protected)/resources/page.tsx(18,13): error TS2339: Property 'resources' does not exist on type 'GameState'.
src/app/(protected)/resources/page.tsx(18,24): error TS2339: Property 'createResource' does not exist on type 'GameState'.
src/app/(protected)/resources/page.tsx(123,37): error TS7006: Parameter 'resource' implicitly has an 'any' type.
src/app/(protected)/resources/page.tsx(134,60): error TS7006: Parameter 'tag' implicitly has an 'any' type.
src/components/AuthProvider.tsx(50,57): error TS2769: No overload matches this call.
  Overload 1 of 2, '(values: never, options?: { count?: "exact" | "planned" | "estimated" | undefined; } | undefined): PostgrestFilterBuilder<{ PostgrestVersion: "12"; }, never, never, null, "profiles", never, "POST">', gave the following error.
    Argument of type '{ id: string; username: string; avatar_url: any; }' is not assignable to parameter of type 'never'.
  Overload 2 of 2, '(values: never[], options?: { count?: "exact" | "planned" | "estimated" | undefined; defaultToNull?: boolean | undefined; } | undefined): PostgrestFilterBuilder<{ PostgrestVersion: "12"; }, never, never, null, "profiles", never, "POST">', gave the following error.
    Object literal may only specify known properties, and 'id' does not exist in type 'never[]'.
src/components/AuthProvider.tsx(57,61): error TS2769: No overload matches this call.
  Overload 1 of 2, '(values: never, options?: { count?: "exact" | "planned" | "estimated" | undefined; } | undefined): PostgrestFilterBuilder<{ PostgrestVersion: "12"; }, never, never, null, "areas", never, "POST">', gave the following error.
    Argument of type '{ user_id: string; title: string; associated_attribute: string; }[]' is not assignable to parameter of type 'never'.
src/lib/api/archives.ts(26,17): error TS2769: No overload matches this call.
  Overload 1 of 2, '(values: never, options?: { count?: "exact" | "planned" | "estimated" | undefined; } | undefined): PostgrestFilterBuilder<{ PostgrestVersion: "12"; }, never, never, null, "archives", never, "POST">', gave the following error.
    Argument of type '{ id?: string | undefined; user_id: string; original_id?: string | null | undefined; title: string; type: string; completed_date?: string | undefined; }' is not assignable to parameter of type 'never'.
  Overload 2 of 2, '(values: never[], options?: { count?: "exact" | "planned" | "estimated" | undefined; defaultToNull?: boolean | undefined; } | undefined): PostgrestFilterBuilder<{ PostgrestVersion: "12"; }, never, never, null, "archives", never, "POST">', gave the following error.
    Argument of type '{ id?: string | undefined; user_id: string; original_id?: string | null | undefined; title: string; type: string; completed_date?: string | undefined; }' is not assignable to parameter of type 'never[]'.
      Type '{ id?: string | undefined; user_id: string; original_id?: string | null | undefined; title: string; type: string; completed_date?: string | undefined; }' is missing the following properties from type 'never[]': length, pop, push, concat, and 35 more.
src/lib/api/areas.ts(27,17): error TS2769: No overload matches this call.
  Overload 1 of 2, '(values: never, options?: { count?: "exact" | "planned" | "estimated" | undefined; } | undefined): PostgrestFilterBuilder<{ PostgrestVersion: "12"; }, never, never, null, "areas", never, "POST">', gave the following error.
    Argument of type '{ id?: string | undefined; user_id: string; title: string; associated_attribute: string; current_level?: number | undefined; created_at?: string | undefined; }' is not assignable to parameter of type 'never'.
  Overload 2 of 2, '(values: never[], options?: { count?: "exact" | "planned" | "estimated" | undefined; defaultToNull?: boolean | undefined; } | undefined): PostgrestFilterBuilder<{ PostgrestVersion: "12"; }, never, never, null, "areas", never, "POST">', gave the following error.
    Argument of type '{ id?: string | undefined; user_id: string; title: string; associated_attribute: string; current_level?: number | undefined; created_at?: string | undefined; }' is not assignable to parameter of type 'never[]'.
      Type '{ id?: string | undefined; user_id: string; title: string; associated_attribute: string; current_level?: number | undefined; created_at?: string | undefined; }' is missing the following properties from type 'never[]': length, pop, push, concat, and 35 more.
src/lib/api/areas.ts(42,17): error TS2345: Argument of type '{ id?: string | undefined; user_id?: string | undefined; title?: string | undefined; associated_attribute?: string | undefined; current_level?: number | undefined; created_at?: string | undefined; }' is not assignable to parameter of type 'never'.
src/lib/api/habits.ts(26,17): error TS2769: No overload matches this call.
  Overload 1 of 2, '(values: never, options?: { count?: "exact" | "planned" | "estimated" | undefined; } | undefined): PostgrestFilterBuilder<{ PostgrestVersion: "12"; }, never, never, null, "habits", never, "POST">', gave the following error.
    Argument of type '{ id?: string | undefined; user_id: string; linked_area_id?: string | null | undefined; title: string; target_minutes?: number | null | undefined; xp_reward?: number | undefined; streak?: number | undefined; best_streak?: number | undefined; last_completed_date?: string | ... 1 more ... | undefined; created_at?: str...' is not assignable to parameter of type 'never'.
  Overload 2 of 2, '(values: never[], options?: { count?: "exact" | "planned" | "estimated" | undefined; defaultToNull?: boolean | undefined; } | undefined): PostgrestFilterBuilder<{ PostgrestVersion: "12"; }, never, never, null, "habits", never, "POST">', gave the following error.
    Argument of type '{ id?: string | undefined; user_id: string; linked_area_id?: string | null | undefined; title: string; target_minutes?: number | null | undefined; xp_reward?: number | undefined; streak?: number | undefined; best_streak?: number | undefined; last_completed_date?: string | ... 1 more ... | undefined; created_at?: str...' is not assignable to parameter of type 'never[]'.
      Type '{ id?: string | undefined; user_id: string; linked_area_id?: string | null | undefined; title: string; target_minutes?: number | null | undefined; xp_reward?: number | undefined; streak?: number | undefined; best_streak?: number | undefined; last_completed_date?: string | ... 1 more ... | undefined; created_at?: str...' is missing the following properties from type 'never[]': length, pop, push, concat, and 35 more.
src/lib/api/habits.ts(56,15): error TS2339: Property 'last_completed_date' does not exist on type 'never'.
src/lib/api/habits.ts(62,15): error TS2339: Property 'last_completed_date' does not exist on type 'never'.
src/lib/api/habits.ts(63,27): error TS2339: Property 'streak' does not exist on type 'never'.
src/lib/api/habits.ts(66,42): error TS2339: Property 'best_streak' does not exist on type 'never'.
src/lib/api/habits.ts(70,17): error TS2345: Argument of type '{ streak: number; best_streak: number; last_completed_date: string; }' is not assignable to parameter of type 'never'.
src/lib/api/habits.ts(109,17): error TS2345: Argument of type '{ streak: number; }' is not assignable to parameter of type 'never'.
src/lib/api/profiles.ts(26,17): error TS2345: Argument of type '{ updated_at: string; id?: string; username?: string | null; avatar_url?: string | null; level?: number; current_xp?: number; xp_to_next_level?: number; strength?: number; intellect?: number; charisma?: number; wealth?: number; created_at?: string; }' is not assignable to parameter of type 'never'.
src/lib/api/profiles.ts(58,5): error TS2322: Type 'number' is not assignable to type 'never'.
src/lib/api/profiles.ts(62,9): error TS2322: Type 'number' is not assignable to type 'never'.
src/lib/api/profiles.ts(64,9): error TS2322: Type 'number' is not assignable to type 'never'.
src/lib/api/profiles.ts(88,17): error TS2345: Argument of type '{ updated_at: string; id?: string | undefined; username?: string | null | undefined; avatar_url?: string | null | undefined; level: number; current_xp: number; xp_to_next_level: number; ... 4 more ...; created_at?: string | undefined; }' is not assignable to parameter of type 'never'.
src/lib/api/projects.ts(29,45): error TS2339: Property 'id' does not exist on type 'never'.
src/lib/api/projects.ts(44,9): error TS2698: Spread types may only be created from object types.
src/lib/api/projects.ts(45,47): error TS2339: Property 'project_id' does not exist on type 'never'.
src/lib/api/projects.ts(45,70): error TS2339: Property 'id' does not exist on type 'never'.
src/lib/api/projects.ts(58,17): error TS2769: No overload matches this call.
  Overload 1 of 2, '(values: never, options?: { count?: "exact" | "planned" | "estimated" | undefined; } | undefined): PostgrestFilterBuilder<{ PostgrestVersion: "12"; }, never, never, null, "projects", never, "POST">', gave the following error.
    Argument of type '{ id?: string | undefined; user_id: string; linked_area_id?: string | null | undefined; title: string; difficulty: string; xp_reward: number; deadline?: string | null | undefined; is_completed?: boolean | undefined; created_at?: string | undefined; }' is not assignable to parameter of type 'never'.
  Overload 2 of 2, '(values: never[], options?: { count?: "exact" | "planned" | "estimated" | undefined; defaultToNull?: boolean | undefined; } | undefined): PostgrestFilterBuilder<{ PostgrestVersion: "12"; }, never, never, null, "projects", never, "POST">', gave the following error.
    Argument of type '{ id?: string | undefined; user_id: string; linked_area_id?: string | null | undefined; title: string; difficulty: string; xp_reward: number; deadline?: string | null | undefined; is_completed?: boolean | undefined; created_at?: string | undefined; }' is not assignable to parameter of type 'never[]'.
      Type '{ id?: string | undefined; user_id: string; linked_area_id?: string | null | undefined; title: string; difficulty: string; xp_reward: number; deadline?: string | null | undefined; is_completed?: boolean | undefined; created_at?: string | undefined; }' is missing the following properties from type 'never[]': length, pop, push, concat, and 35 more.
src/lib/api/projects.ts(71,36): error TS2339: Property 'id' does not exist on type 'never'.
src/lib/api/projects.ts(77,21): error TS2769: No overload matches this call.
  Overload 1 of 2, '(values: never, options?: { count?: "exact" | "planned" | "estimated" | undefined; } | undefined): PostgrestFilterBuilder<{ PostgrestVersion: "12"; }, never, never, null, "milestones", never, "POST">', gave the following error.
    Argument of type '{ project_id: any; position: number; id?: string | undefined; text: string; is_done?: boolean | undefined; }[]' is not assignable to parameter of type 'never'.
  Overload 2 of 2, '(values: never[], options?: { count?: "exact" | "planned" | "estimated" | undefined; defaultToNull?: boolean | undefined; } | undefined): PostgrestFilterBuilder<{ PostgrestVersion: "12"; }, never, never, null, "milestones", never, "POST">', gave the following error.
    Argument of type '{ project_id: any; position: number; id?: string | undefined; text: string; is_done?: boolean | undefined; }[]' is not assignable to parameter of type 'never[]'.
      Type '{ project_id: any; position: number; id?: string | undefined; text: string; is_done?: boolean | undefined; }' is not assignable to type 'never'.
src/lib/api/projects.ts(84,18): error TS2698: Spread types may only be created from object types.
src/lib/api/projects.ts(87,14): error TS2698: Spread types may only be created from object types.
src/lib/api/projects.ts(94,17): error TS2345: Argument of type '{ is_done: boolean; }' is not assignable to parameter of type 'never'.
src/lib/api/projects.ts(110,17): error TS2345: Argument of type '{ is_completed: boolean; }' is not assignable to parameter of type 'never'.
